// Jest Snapshot v1, https://goo.gl/fbAQLP

exports[`should correctly render LoginPage 1`] = `
<div
  className="box-layout"
>
  <div
    className="box-layout__box"
  >
    <h1
      className="box-layout__title"
    >
      Keep track of your Budget
    </h1>
    <p>
      It's time to get your expenses under control
    </p>
    <button
      className="button"
    >
      Sign in with
      <span
        className="btn__icon"
      />
    </button>
  </div>
</div>
`;
